// Jest Snapshot v1, https://goo.gl/fbAQLP

exports[`TrackListItem.vue should has correct html 1`] = `
<li>
    <h2>
        Esa Muchacha
    </h2>
    <h3>
        Esa Muchacha
    </h3>
    <img src="https://i.scdn.co/image/31dd0b4e46c5fb0feb1e02c2f98d07e76ca5ab6c" alt="track image">
</li>
`;
